
Pass 3 clean (verified data quality): sweeping α = [0.0, 0.05, 0.1, 0.15] × train_start = [2014, 2011, 2009] (earliest data = 2008)
Loading data prep from model_comparison.ipynb (cells 1-37) [earliest=2008]...
  Overrode ALL_SEASONS → 2008-2025 (18 seasons)
Loaded feature primitives from features.ipynb — TEAM_MAP=17 entries, FEATURE_COLS_85=85, PROD_FEATURES_35=35.
Loading schedules 1999-2025...
  completed games: 4,897
Loading PBP 2008-2025 (takes ~2 min)...
  run/pass plays: 613,617
Long-format: (9794, 15)
SOS done
All-pro done
NGS: 313 team-seasons covered (2016-2025)
Manual: 256 team-seasons covered (2008-2015)
QB NGS features done | team-seasons: 569  median PR=87.4  CPAE=0.4%  TTT=2.77s
Sacks/TO/3rd-down done
Coach win pct done
QB switch done
Games table: (4897, 73)
Features engineered: 85/85  |  Missing: none
Production features (subset): 35
Train: 2,440  |  Test: 855  |  Features: 35
Loading injury reports...
  [patched] load_injuries: trying 2009-2025 (17 seasons)
  Injury rows: 90,752  Seasons: [2009.0, 2010.0, 2011.0, 2012.0, 2013.0, 2014.0, 2015.0, 2016.0, 2017.0, 2018.0, 2019.0, 2020.0, 2021.0, 2022.0, 2023.0, 2024.0, 2025.0]
  Injury features populated for seasons: [2009.0, 2010.0, 2011.0, 2012.0, 2013.0, 2014.0, 2015.0, 2016.0, 2017.0, 2018.0, 2019.0, 2020.0, 2021.0, 2022.0, 2023.0, 2024.0, 2025.0]
  Non-zero injured_count rows: 3,835
  Non-zero diff_active_allpro rows: 4,679

Train: 2,440  Test: 855  Features: 35
Ready — re-run all model cells now.
  Prep done in 23.7s — g.shape=(4897, 120), avail=35 features
  Seasons in g: 2008-2025 (18 total)

==============================================================================
  COVERAGE VERIFICATION — detecting mechanical zero-fill shifts
  baseline_anchor=2014 (zero-rate compared vs 2014+ data)
  max_zero_shift_pp=25.0pp — fail if early period inflates zeros by more
==============================================================================

  train_start=2014+ : at or after baseline anchor — no shift to check

  train_start=2011+ : checking early=2011-2013 (801 rows) vs late=2014-2024 (3,010 rows)
    ✓ All 35 features clean — no mechanical-zero shift > 25.0pp

  train_start=2009+ : checking early=2009-2013 (1,335 rows) vs late=2014-2024 (3,010 rows)
    ✓ All 35 features clean — no mechanical-zero shift > 25.0pp

CV fold sets prepared: 3
  train_start=2014+ : total train rows across 6 folds = 13,804, total test rows = 1,693
  train_start=2011+ : total train rows across 6 folds = 18,610, total test rows = 1,693
  train_start=2009+ : total train rows across 6 folds = 21,814, total test rows = 1,693

  train=2014+  XGBoost         α=0.00  mean=56.5%  std=1.6%  MAE=9.63  (1.1s) [baseline]
  train=2014+  XGBoost         α=0.05  mean=56.8%  std=1.7%  MAE=9.63  (1.1s) 
  train=2014+  XGBoost         α=0.10  mean=56.2%  std=1.9%  MAE=9.64  (1.0s) 
  train=2014+  XGBoost         α=0.15  mean=56.0%  std=2.2%  MAE=9.66  (1.1s) 
  train=2014+  Ridge           α=0.00  mean=54.5%  std=2.1%  MAE=9.66  (0.0s) [baseline]
  train=2014+  Ridge           α=0.05  mean=54.6%  std=2.0%  MAE=9.66  (0.0s) 
  train=2014+  Ridge           α=0.10  mean=54.9%  std=2.2%  MAE=9.66  (0.0s) 
  train=2014+  Ridge           α=0.15  mean=54.9%  std=2.2%  MAE=9.66  (0.0s) 
  train=2014+  Random Forest   α=0.00  mean=57.1%  std=3.4%  MAE=9.69  (2.6s) [baseline]
  train=2014+  Random Forest   α=0.05  mean=57.0%  std=2.9%  MAE=9.68  (2.6s) 
  train=2014+  Random Forest   α=0.10  mean=56.6%  std=2.9%  MAE=9.68  (2.6s) 
  train=2014+  Random Forest   α=0.15  mean=56.2%  std=2.5%  MAE=9.71  (2.6s) 
  train=2014+  LightGBM        α=0.00  mean=55.9%  std=2.6%  MAE=9.67  (0.8s) [baseline]
  train=2014+  LightGBM        α=0.05  mean=56.1%  std=2.2%  MAE=9.66  (0.7s) 
  train=2014+  LightGBM        α=0.10  mean=56.3%  std=2.0%  MAE=9.68  (0.7s) 
  train=2014+  LightGBM        α=0.15  mean=55.6%  std=2.7%  MAE=9.67  (0.7s) 
  train=2014+  MLP             α=0.00  mean=54.4%  std=2.5%  MAE=10.25  (73.7s) [baseline]
  train=2014+  MLP             α=0.05  mean=53.9%  std=2.4%  MAE=10.20  (71.7s) 
  train=2014+  MLP             α=0.10  mean=54.7%  std=2.0%  MAE=10.19  (73.5s) 
  train=2014+  MLP             α=0.15  mean=55.1%  std=1.9%  MAE=10.27  (73.0s) 
  train=2011+  XGBoost         α=0.00  mean=56.1%  std=2.6%  MAE=9.62  (1.1s) 
  train=2011+  XGBoost         α=0.05  mean=55.5%  std=2.8%  MAE=9.63  (1.1s) 
  train=2011+  XGBoost         α=0.10  mean=55.3%  std=2.9%  MAE=9.65  (1.1s) 
  train=2011+  XGBoost         α=0.15  mean=55.7%  std=3.1%  MAE=9.65  (1.1s) 
  train=2011+  Ridge           α=0.00  mean=54.3%  std=2.1%  MAE=9.65  (0.0s) 
  train=2011+  Ridge           α=0.05  mean=54.3%  std=2.1%  MAE=9.65  (0.0s) 
  train=2011+  Ridge           α=0.10  mean=54.6%  std=1.7%  MAE=9.65  (0.0s) 
  train=2011+  Ridge           α=0.15  mean=55.0%  std=2.1%  MAE=9.65  (0.0s) 
  train=2011+  Random Forest   α=0.00  mean=56.5%  std=2.5%  MAE=9.71  (3.2s) 
  train=2011+  Random Forest   α=0.05  mean=56.4%  std=3.2%  MAE=9.72  (3.3s) 
  train=2011+  Random Forest   α=0.10  mean=56.7%  std=2.7%  MAE=9.71  (3.2s) 
  train=2011+  Random Forest   α=0.15  mean=57.2%  std=2.5%  MAE=9.68  (3.3s) 
  train=2011+  LightGBM        α=0.00  mean=56.2%  std=3.1%  MAE=9.63  (0.8s) 
  train=2011+  LightGBM        α=0.05  mean=56.1%  std=2.4%  MAE=9.64  (0.9s) 
  train=2011+  LightGBM        α=0.10  mean=56.8%  std=3.1%  MAE=9.63  (0.9s) 
  train=2011+  LightGBM        α=0.15  mean=56.3%  std=2.7%  MAE=9.64  (0.9s) 
  train=2011+  MLP             α=0.00  mean=54.8%  std=1.4%  MAE=10.21  (98.9s) 
  train=2011+  MLP             α=0.05  mean=54.0%  std=3.4%  MAE=10.27  (105.2s) 
  train=2011+  MLP             α=0.10  mean=54.5%  std=2.9%  MAE=10.25  (119.6s) 
  train=2011+  MLP             α=0.15  mean=53.0%  std=1.3%  MAE=10.33  (107.2s) 
  train=2009+  XGBoost         α=0.00  mean=57.1%  std=2.6%  MAE=9.60  (1.2s) 
  train=2009+  XGBoost         α=0.05  mean=56.9%  std=3.5%  MAE=9.61  (1.1s) 
  train=2009+  XGBoost         α=0.10  mean=56.1%  std=2.8%  MAE=9.61  (1.3s) 
  train=2009+  XGBoost         α=0.15  mean=55.8%  std=3.2%  MAE=9.63  (1.3s) 
  train=2009+  Ridge           α=0.00  mean=54.7%  std=3.4%  MAE=9.64  (0.0s) 
  train=2009+  Ridge           α=0.05  mean=54.6%  std=3.0%  MAE=9.64  (0.0s) 
  train=2009+  Ridge           α=0.10  mean=55.0%  std=2.6%  MAE=9.64  (0.0s) 
  train=2009+  Ridge           α=0.15  mean=55.0%  std=2.2%  MAE=9.65  (0.0s) 
  train=2009+  Random Forest   α=0.00  mean=56.6%  std=3.1%  MAE=9.69  (3.9s) 
  train=2009+  Random Forest   α=0.05  mean=56.4%  std=3.1%  MAE=9.70  (3.9s) 
  train=2009+  Random Forest   α=0.10  mean=56.8%  std=3.3%  MAE=9.70  (3.9s) 
  train=2009+  Random Forest   α=0.15  mean=56.2%  std=2.3%  MAE=9.72  (4.0s) 
  train=2009+  LightGBM        α=0.00  mean=56.2%  std=2.7%  MAE=9.61  (1.0s) 
  train=2009+  LightGBM        α=0.05  mean=56.6%  std=2.9%  MAE=9.60  (0.9s) 
  train=2009+  LightGBM        α=0.10  mean=56.0%  std=2.8%  MAE=9.63  (0.9s) 
  train=2009+  LightGBM        α=0.15  mean=56.1%  std=2.1%  MAE=9.62  (1.0s) 
  train=2009+  MLP             α=0.00  mean=55.1%  std=2.0%  MAE=10.22  (121.6s) 
  train=2009+  MLP             α=0.05  mean=54.9%  std=1.9%  MAE=10.16  (121.4s) 
  train=2009+  MLP             α=0.10  mean=55.2%  std=2.4%  MAE=10.25  (121.9s) 
  train=2009+  MLP             α=0.15  mean=54.3%  std=3.9%  MAE=10.18  (128.6s) 

Wrote C:\Users\josep\Desktop\random_stuff\BettingEdgeContinued\betting\experiments\time_decay_pass3_clean.json

==============================================================================
  SUMMARY — XGBoost mean ATS by (train_start × α)
==============================================================================
  α      train=2014+  train=2011+  train=2009+
  0.00     56.5% ± 1.6%  56.1% ± 2.6%  57.1% ± 2.6%
  0.05     56.8% ± 1.7%  55.5% ± 2.8%  56.9% ± 3.5%
  0.10     56.2% ± 1.9%  55.3% ± 2.9%  56.1% ± 2.8%
  0.15     56.0% ± 2.2%  55.7% ± 3.1%  55.8% ± 3.2%
