
Pass 3 (decay x extended-range synthesis): sweeping α = [0.0, 0.05, 0.1, 0.15] × train_start = [2014, 2010, 2005] (earliest data = 2005)
Loading data prep from model_comparison.ipynb (cells 1-37) [earliest=2005]...
  Overrode ALL_SEASONS → 2005-2025 (21 seasons)
Loaded feature primitives from features.ipynb — TEAM_MAP=17 entries, FEATURE_COLS_85=85, PROD_FEATURES_35=35.
Loading schedules 1999-2025...
  completed games: 5,698
Loading PBP 2005-2025 (takes ~2 min)...
  run/pass plays: 712,644
Long-format: (11396, 15)
SOS done
All-pro done
NGS: 313 team-seasons covered (2016-2025)
Manual: 352 team-seasons covered (2005-2015)
QB NGS features done | team-seasons: 665  median PR=86.0  CPAE=0.4%  TTT=2.77s
Sacks/TO/3rd-down done
Coach win pct done
QB switch done
Games table: (5698, 73)
Features engineered: 85/85  |  Missing: none
Production features (subset): 35
Train: 2,440  |  Test: 855  |  Features: 35
Loading injury reports...
  [patched] load_injuries: trying 2009-2025 (17 seasons)
  Injury rows: 90,752  Seasons: [2009.0, 2010.0, 2011.0, 2012.0, 2013.0, 2014.0, 2015.0, 2016.0, 2017.0, 2018.0, 2019.0, 2020.0, 2021.0, 2022.0, 2023.0, 2024.0, 2025.0]
  Injury features populated for seasons: [2009.0, 2010.0, 2011.0, 2012.0, 2013.0, 2014.0, 2015.0, 2016.0, 2017.0, 2018.0, 2019.0, 2020.0, 2021.0, 2022.0, 2023.0, 2024.0, 2025.0]
  Non-zero injured_count rows: 3,835
  Non-zero diff_active_allpro rows: 5,181

Train: 2,440  Test: 855  Features: 35
Ready — re-run all model cells now.
  Prep done in 28.6s — g.shape=(5698, 120), avail=35 features
  Seasons in g: 2005-2025 (21 total)
CV fold sets prepared: 3
  train_start=2014+ : total train rows across 6 folds = 13,804, total test rows = 1,693
  train_start=2010+ : total train rows across 6 folds = 20,212, total test rows = 1,693
  train_start=2005+ : total train rows across 6 folds = 28,222, total test rows = 1,693

  train=2014+  XGBoost         α=0.00  mean=56.4%  std=2.0%  MAE=9.62  (1.3s) [baseline]
  train=2014+  XGBoost         α=0.05  mean=55.9%  std=1.9%  MAE=9.62  (1.1s) 
  train=2014+  XGBoost         α=0.10  mean=56.1%  std=2.8%  MAE=9.64  (1.1s) 
  train=2014+  XGBoost         α=0.15  mean=55.7%  std=2.5%  MAE=9.65  (1.4s) 
  train=2014+  Ridge           α=0.00  mean=54.7%  std=2.5%  MAE=9.65  (0.0s) [baseline]
  train=2014+  Ridge           α=0.05  mean=54.7%  std=2.4%  MAE=9.65  (0.0s) 
  train=2014+  Ridge           α=0.10  mean=54.9%  std=2.4%  MAE=9.66  (0.0s) 
  train=2014+  Ridge           α=0.15  mean=55.1%  std=2.1%  MAE=9.66  (0.0s) 
  train=2014+  Random Forest   α=0.00  mean=57.4%  std=2.9%  MAE=9.71  (2.9s) [baseline]
  train=2014+  Random Forest   α=0.05  mean=56.9%  std=3.1%  MAE=9.70  (2.8s) 
  train=2014+  Random Forest   α=0.10  mean=57.4%  std=2.8%  MAE=9.68  (2.8s) 
  train=2014+  Random Forest   α=0.15  mean=57.5%  std=2.8%  MAE=9.70  (2.8s) 
  train=2014+  LightGBM        α=0.00  mean=56.3%  std=2.8%  MAE=9.66  (0.9s) [baseline]
  train=2014+  LightGBM        α=0.05  mean=56.5%  std=2.8%  MAE=9.68  (1.1s) 
  train=2014+  LightGBM        α=0.10  mean=56.4%  std=2.7%  MAE=9.68  (1.1s) 
  train=2014+  LightGBM        α=0.15  mean=56.0%  std=2.5%  MAE=9.67  (1.0s) 
  train=2014+  MLP             α=0.00  mean=53.7%  std=2.3%  MAE=10.20  (88.3s) [baseline]
  train=2014+  MLP             α=0.05  mean=53.7%  std=1.1%  MAE=10.16  (84.0s) 
  train=2014+  MLP             α=0.10  mean=54.3%  std=1.4%  MAE=10.21  (83.1s) 
  train=2014+  MLP             α=0.15  mean=54.1%  std=1.5%  MAE=10.28  (84.7s) 
  train=2010+  XGBoost         α=0.00  mean=56.7%  std=2.5%  MAE=9.61  (1.4s) 
  train=2010+  XGBoost         α=0.05  mean=56.7%  std=2.9%  MAE=9.60  (1.4s) 
  train=2010+  XGBoost         α=0.10  mean=56.6%  std=2.6%  MAE=9.61  (1.2s) 
  train=2010+  XGBoost         α=0.15  mean=56.9%  std=2.4%  MAE=9.61  (1.2s) 
  train=2010+  Ridge           α=0.00  mean=54.7%  std=2.7%  MAE=9.65  (0.0s) 
  train=2010+  Ridge           α=0.05  mean=54.4%  std=2.8%  MAE=9.64  (0.0s) 
  train=2010+  Ridge           α=0.10  mean=54.6%  std=2.3%  MAE=9.64  (0.0s) 
  train=2010+  Ridge           α=0.15  mean=55.0%  std=2.5%  MAE=9.65  (0.0s) 
  train=2010+  Random Forest   α=0.00  mean=57.0%  std=3.0%  MAE=9.73  (3.7s) 
  train=2010+  Random Forest   α=0.05  mean=57.4%  std=2.3%  MAE=9.72  (3.7s) 
  train=2010+  Random Forest   α=0.10  mean=56.2%  std=2.5%  MAE=9.72  (3.7s) 
  train=2010+  Random Forest   α=0.15  mean=56.3%  std=3.3%  MAE=9.70  (3.9s) 
  train=2010+  LightGBM        α=0.00  mean=56.4%  std=2.6%  MAE=9.61  (0.9s) 
  train=2010+  LightGBM        α=0.05  mean=57.1%  std=2.4%  MAE=9.61  (1.2s) 
  train=2010+  LightGBM        α=0.10  mean=56.2%  std=2.3%  MAE=9.60  (1.2s) 
  train=2010+  LightGBM        α=0.15  mean=56.2%  std=2.7%  MAE=9.60  (0.9s) 
  train=2010+  MLP             α=0.00  mean=54.9%  std=1.1%  MAE=10.23  (122.7s) 
  train=2010+  MLP             α=0.05  mean=55.0%  std=1.1%  MAE=10.15  (116.8s) 
  train=2010+  MLP             α=0.10  mean=54.5%  std=1.0%  MAE=10.21  (106.8s) 
  train=2010+  MLP             α=0.15  mean=54.9%  std=2.5%  MAE=10.27  (112.9s) 
  train=2005+  XGBoost         α=0.00  mean=56.8%  std=3.0%  MAE=9.60  (1.6s) 
  train=2005+  XGBoost         α=0.05  mean=56.1%  std=3.4%  MAE=9.60  (1.5s) 
  train=2005+  XGBoost         α=0.10  mean=55.7%  std=3.0%  MAE=9.60  (1.3s) 
  train=2005+  XGBoost         α=0.15  mean=55.6%  std=2.8%  MAE=9.62  (1.3s) 
  train=2005+  Ridge           α=0.00  mean=55.1%  std=3.5%  MAE=9.65  (0.0s) 
  train=2005+  Ridge           α=0.05  mean=55.6%  std=2.9%  MAE=9.64  (0.0s) 
  train=2005+  Ridge           α=0.10  mean=55.4%  std=2.7%  MAE=9.64  (0.0s) 
  train=2005+  Ridge           α=0.15  mean=55.0%  std=2.8%  MAE=9.64  (0.0s) 
  train=2005+  Random Forest   α=0.00  mean=57.0%  std=3.4%  MAE=9.67  (4.8s) 
  train=2005+  Random Forest   α=0.05  mean=55.9%  std=4.1%  MAE=9.70  (4.8s) 
  train=2005+  Random Forest   α=0.10  mean=56.2%  std=2.3%  MAE=9.69  (4.8s) 
  train=2005+  Random Forest   α=0.15  mean=56.1%  std=2.6%  MAE=9.68  (5.0s) 
  train=2005+  LightGBM        α=0.00  mean=55.8%  std=2.8%  MAE=9.58  (1.2s) 
  train=2005+  LightGBM        α=0.05  mean=56.4%  std=2.5%  MAE=9.60  (1.0s) 
  train=2005+  LightGBM        α=0.10  mean=56.2%  std=1.5%  MAE=9.60  (1.0s) 
  train=2005+  LightGBM        α=0.15  mean=56.2%  std=1.4%  MAE=9.62  (1.1s) 
  train=2005+  MLP             α=0.00  mean=55.5%  std=2.1%  MAE=10.03  (152.2s) 
  train=2005+  MLP             α=0.05  mean=56.0%  std=3.6%  MAE=9.99  (155.6s) 
  train=2005+  MLP             α=0.10  mean=55.4%  std=3.0%  MAE=10.24  (166.8s) 
  train=2005+  MLP             α=0.15  mean=55.7%  std=2.4%  MAE=10.20  (166.3s) 

Wrote C:\Users\josep\Desktop\random_stuff\BettingEdgeContinued\betting\experiments\time_decay_pass3.json

==============================================================================
  SUMMARY — XGBoost mean ATS by (train_start × α)
==============================================================================
  α      train=2014+  train=2010+  train=2005+
  0.00     56.4% ± 2.0%  56.7% ± 2.5%  56.8% ± 3.0%
  0.05     55.9% ± 1.9%  56.7% ± 2.9%  56.1% ± 3.4%
  0.10     56.1% ± 2.8%  56.6% ± 2.6%  55.7% ± 3.0%
  0.15     55.7% ± 2.5%  56.9% ± 2.4%  55.6% ± 2.8%
