
Totals v3.5 (Ridge-friendly: drop multicollinear derived feats)
Loading data prep from model_comparison.ipynb (cells 1-37) [earliest=2014]...
Loaded feature primitives from features.ipynb — TEAM_MAP=17 entries, FEATURE_COLS_85=85, PROD_FEATURES_35=35.
Loading schedules 1999-2025...
  completed games: 3,295
Loading PBP 2014-2025 (takes ~2 min)...
  run/pass plays: 412,591
Long-format: (6590, 15)
SOS done
All-pro done
NGS: 313 team-seasons covered (2016-2025)
Manual: 64 team-seasons covered (2014-2015)
QB NGS features done | team-seasons: 377  median PR=90.4  CPAE=0.4%  TTT=2.77s
Sacks/TO/3rd-down done
Coach win pct done
QB switch done
Games table: (3295, 73)
Features engineered: 85/85  |  Missing: none
Production features (subset): 35
Train: 2,440  |  Test: 855  |  Features: 35
Loading injury reports...
  Injury rows: 65,866  Seasons: [2014.0, 2015.0, 2016.0, 2017.0, 2018.0, 2019.0, 2020.0, 2021.0, 2022.0, 2023.0, 2024.0, 2025.0]
  Injury features populated for seasons: [2014.0, 2015.0, 2016.0, 2017.0, 2018.0, 2019.0, 2020.0, 2021.0, 2022.0, 2023.0, 2024.0, 2025.0]
  Non-zero injured_count rows: 2,775
  Non-zero diff_active_allpro rows: 3,149

Train: 2,440  Test: 855  Features: 35
Ready — re-run all model cells now.
  Prep done in 16.5s — g.shape=(3295, 120), avail=35 features
  is_dome: 919 games detected (27.9%)
  Weather merged: 2,268 games covered
  Filter: → 3,295 games
  Feature count: 35 spread + 14 totals = 49

  XGBoost         α=0.00  hit=52.3% ± 1.9%  MAE-diff=10.32  (1.1s)
  Ridge           α=0.00  hit=52.1% ± 2.5%  MAE-diff=10.37  (0.0s)
  Random Forest   α=0.00  hit=53.3% ± 2.1%  MAE-diff=10.30  (3.5s)
  LightGBM        α=0.00  hit=51.0% ± 2.8%  MAE-diff=10.31  (0.2s)
  MLP             α=0.00  hit=51.1% ± 2.7%  MAE-diff=11.26  (70.6s)

==============================================================================
  Consensus filter (Ridge + XGBoost agree)
==============================================================================
  Both OVER  picks:   597   hit-rate: 50.8%
  Both UNDER picks:   575   hit-rate: 55.7%
  Disagree (PASS):    503
  Consensus overall: 53.2% on 70.0% of games

Wrote C:\Users\josep\Desktop\random_stuff\BettingEdgeContinued\betting\experiments\totals_baseline_v3_5_results.json

==============================================================================
  v3.5 SUMMARY — break-even = 52.4%
==============================================================================
  XGBoost         52.3% ± 1.9%  
  Ridge           52.1% ± 2.5%  
  Random Forest   53.3% ± 2.1% ✓
  LightGBM        51.0% ± 2.8%  
  MLP             51.1% ± 2.7%  
