
=== POOLED 2021-2025  (n=873, games-weighted) ===
  model             MAE  RMSE   bias  medAE     r     R2  hit<3
  OUR              2.50  3.12  +0.16   2.15  0.72   0.53    67%
  BLEND (.2/.8)    2.09  2.61  +0.50   1.82  0.82   0.67    74%
  Sleeper          2.11  2.64  +0.58   1.84  0.82   0.66    74%
  naive last-yr    2.81  3.63  +0.44   2.28  0.66   0.36    62%
  naive 3yr        2.77  3.51  +0.24   2.39  0.68   0.40    61%

=== 2025 LIVE TEST  (n=175, games-weighted) ===
  model             MAE  RMSE   bias  medAE     r     R2  hit<3
  OUR              2.41  2.99  +0.30   1.99  0.76   0.60    68%
  BLEND (.2/.8)    2.17  2.67  +0.35   1.77  0.82   0.68    70%
  Sleeper          2.19  2.70  +0.36   1.83  0.82   0.67    73%
  naive last-yr    2.85  3.58  +0.76   2.43  0.69   0.43    56%
  naive 3yr        2.76  3.39  +0.30   2.55  0.70   0.49    57%

=== OUR model MAE/r by position (pooled) ===
  pos     n   MAE  Sleeper  blend     r
  QB    115  2.47     2.31   2.19  0.42
  RB    292  2.80     2.34   2.30  0.62
  WR    355  2.46     2.04   2.06  0.55
  TE    111  1.89     1.56   1.59  0.43

notes: bias + = over-projects; lower MAE/RMSE/medAE better; higher r/R2/hit<3 better.
Sleeper PPG is its season-total projection / 17 (slightly understates injury-risk PPG).
