
=== POOLED 2021-2025 (n=873) ===  (games-weighted PPG MAE; lower = better)
  model                    QB     RB     WR     TE    ALL
  OUR model              2.47   2.80   2.46   1.89   2.50
  Sleeper (proj/17)      2.31   2.34   2.04   1.56   2.11
  naive: last yr PPG     3.29   3.12   2.69   1.96   2.81
  naive: 3yr avg PPG     3.09   3.06   2.64   2.17   2.77

=== 2025 LIVE TEST (n=175) ===  (games-weighted PPG MAE; lower = better)
  model                    QB     RB     WR     TE    ALL
  OUR model              1.81   2.73   2.44   2.10   2.41
  Sleeper (proj/17)      1.96   2.46   2.14   1.90   2.19
  naive: last yr PPG     2.81   2.87   2.99   2.44   2.85
  naive: 3yr avg PPG     2.27   2.92   2.87   2.56   2.76

=== ENSEMBLE: blend = w*OUR + (1-w)*Sleeper  (pooled ALL PPG wMAE) ===
  w=0.0:  MAE 2.111
  w=0.1:  MAE 2.096 <- beats Sleeper
  w=0.2:  MAE 2.092 <- beats Sleeper
  w=0.3:  MAE 2.102 <- beats Sleeper
  w=0.4:  MAE 2.129
  w=0.5:  MAE 2.170
  w=0.6:  MAE 2.220
  Sleeper alone: 2.111   best blend (w=0.2): 2.092   improvement +0.019
  2025 live: Sleeper 2.190  vs blend(w=0.2) 2.165

  2025 RB examples (actual vs our vs Sleeper, PPG):
    player                  actual   ours  sleeper
    Jonathan Taylor           20.0   14.9     14.0
    Bijan Robinson            19.5   15.5     16.5
    Jahmyr Gibbs              19.3   15.6     16.2
    Christian McCaffrey       19.2   11.0     14.3
    De'Von Achane             18.1   14.1     13.7
    Derrick Henry             16.0   16.8     15.5
    James Cook                15.0   11.7     12.0
    Chase Brown               14.6   11.2     13.3
